--------------------------------------------------------------------------------
Lattice Synthesis Timing Report, Version  
Wed Aug 12 09:18:27 2026

Copyright (c) 1991-1994 by NeoCAD Inc. All rights reserved.
Copyright (c) 1995 AT&T Corp.   All rights reserved.
Copyright (c) 1995-2001 Lucent Technologies Inc.  All rights reserved.
Copyright (c) 2001 Agere Systems   All rights reserved.
Copyright (c) 2002-2023 Lattice Semiconductor Corporation,  All rights reserved.

Report Information
------------------
Design:     mipi_3ch_top
Constraint file:  
Report level:    verbose report, limited to 3 items per constraint
--------------------------------------------------------------------------------



================================================================================
Constraint: create_clock -period 5.000000 -name clk3 [get_nets \u_top_iic/inst_i2c_drive/drive_clk]
            2362 items scored, 2158 timing errors detected.
--------------------------------------------------------------------------------


Error:  The following path violates requirements by 5.320ns

 Logical Details:  Cell type  Pin type       Cell name  (clock net +/-)

   Source:         FD1S3DX    CK             \u_top_iic/inst_i2c_drive/cnt_scl_i3  (from \u_top_iic/inst_i2c_drive/drive_clk +)
   Destination:    FD1S3DX    D              \u_top_iic/inst_i2c_drive/cnt_scl_i0  (to \u_top_iic/inst_i2c_drive/drive_clk +)

   Delay:                  10.320ns  (0.0% logic, 100.0% route), 9 logic levels.

 Constraint Details:

     10.320ns data_path \u_top_iic/inst_i2c_drive/cnt_scl_i3 to \u_top_iic/inst_i2c_drive/cnt_scl_i0 violates
      5.000ns delay constraint less
      0.000ns L_S requirement (totaling 5.000ns) by 5.320ns

 Path Details: \u_top_iic/inst_i2c_drive/cnt_scl_i3 to \u_top_iic/inst_i2c_drive/cnt_scl_i0

   Name    Fanout   Delay (ns)          Pins               Resource(Cell.Net)
L_CO        ---     0.000             CK to Q              \u_top_iic/inst_i2c_drive/cnt_scl_i3 (from \u_top_iic/inst_i2c_drive/drive_clk)
Route        31   e 1.806                                  \u_top_iic/inst_i2c_drive/cnt_scl[3]
LUT4        ---     0.000              A to Z              \u_top_iic/inst_i2c_drive/i1_2_lut_rep_358
Route         8   e 1.435                                  \u_top_iic/inst_i2c_drive/n17935
LUT4        ---     0.000              C to Z              \u_top_iic/inst_i2c_drive/i1_4_lut_adj_127
Route        11   e 1.499                                  \u_top_iic/n19
LUT4        ---     0.000              A to Z              \u_top_iic/inst_i2c_drive/n19_bdd_2_lut_14117
Route         1   e 0.020                                  \u_top_iic/inst_i2c_drive/n17797
MUXL5       ---     0.000           ALUT to Z              \u_top_iic/inst_i2c_drive/i13824
Route         1   e 1.020                                  \u_top_iic/inst_i2c_drive/n17799
LUT4        ---     0.000              C to Z              \u_top_iic/inst_i2c_drive/i1_2_lut_3_lut
Route         1   e 1.020                                  \u_top_iic/inst_i2c_drive/n6_adj_1500
LUT4        ---     0.000              B to Z              \u_top_iic/inst_i2c_drive/i1_4_lut_adj_132
Route         1   e 1.020                                  \u_top_iic/inst_i2c_drive/n14669
LUT4        ---     0.000              B to Z              \u_top_iic/inst_i2c_drive/i1_4_lut_adj_130
Route        10   e 1.480                                  \u_top_iic/inst_i2c_drive/n16
LUT4        ---     0.000              B to Z              \u_top_iic/inst_i2c_drive/i1_2_lut_adj_99
Route         1   e 1.020                                  \u_top_iic/inst_i2c_drive/cnt_scl_9__N_793[0]
                  --------
                   10.320  (0.0% logic, 100.0% route), 9 logic levels.


Error:  The following path violates requirements by 5.320ns

 Logical Details:  Cell type  Pin type       Cell name  (clock net +/-)

   Source:         FD1S3DX    CK             \u_top_iic/inst_i2c_drive/cnt_scl_i3  (from \u_top_iic/inst_i2c_drive/drive_clk +)
   Destination:    FD1S3DX    D              \u_top_iic/inst_i2c_drive/cnt_scl_i9  (to \u_top_iic/inst_i2c_drive/drive_clk +)

   Delay:                  10.320ns  (0.0% logic, 100.0% route), 9 logic levels.

 Constraint Details:

     10.320ns data_path \u_top_iic/inst_i2c_drive/cnt_scl_i3 to \u_top_iic/inst_i2c_drive/cnt_scl_i9 violates
      5.000ns delay constraint less
      0.000ns L_S requirement (totaling 5.000ns) by 5.320ns

 Path Details: \u_top_iic/inst_i2c_drive/cnt_scl_i3 to \u_top_iic/inst_i2c_drive/cnt_scl_i9

   Name    Fanout   Delay (ns)          Pins               Resource(Cell.Net)
L_CO        ---     0.000             CK to Q              \u_top_iic/inst_i2c_drive/cnt_scl_i3 (from \u_top_iic/inst_i2c_drive/drive_clk)
Route        31   e 1.806                                  \u_top_iic/inst_i2c_drive/cnt_scl[3]
LUT4        ---     0.000              A to Z              \u_top_iic/inst_i2c_drive/i1_2_lut_rep_358
Route         8   e 1.435                                  \u_top_iic/inst_i2c_drive/n17935
LUT4        ---     0.000              C to Z              \u_top_iic/inst_i2c_drive/i1_4_lut_adj_127
Route        11   e 1.499                                  \u_top_iic/n19
LUT4        ---     0.000              A to Z              \u_top_iic/inst_i2c_drive/n19_bdd_2_lut_14117
Route         1   e 0.020                                  \u_top_iic/inst_i2c_drive/n17797
MUXL5       ---     0.000           ALUT to Z              \u_top_iic/inst_i2c_drive/i13824
Route         1   e 1.020                                  \u_top_iic/inst_i2c_drive/n17799
LUT4        ---     0.000              C to Z              \u_top_iic/inst_i2c_drive/i1_2_lut_3_lut
Route         1   e 1.020                                  \u_top_iic/inst_i2c_drive/n6_adj_1500
LUT4        ---     0.000              B to Z              \u_top_iic/inst_i2c_drive/i1_4_lut_adj_132
Route         1   e 1.020                                  \u_top_iic/inst_i2c_drive/n14669
LUT4        ---     0.000              B to Z              \u_top_iic/inst_i2c_drive/i1_4_lut_adj_130
Route        10   e 1.480                                  \u_top_iic/inst_i2c_drive/n16
LUT4        ---     0.000              B to Z              \u_top_iic/inst_i2c_drive/i1_2_lut_adj_129
Route         1   e 1.020                                  \u_top_iic/inst_i2c_drive/cnt_scl_9__N_793[9]
                  --------
                   10.320  (0.0% logic, 100.0% route), 9 logic levels.


Error:  The following path violates requirements by 5.320ns

 Logical Details:  Cell type  Pin type       Cell name  (clock net +/-)

   Source:         FD1S3DX    CK             \u_top_iic/inst_i2c_drive/cnt_scl_i3  (from \u_top_iic/inst_i2c_drive/drive_clk +)
   Destination:    FD1S3DX    D              \u_top_iic/inst_i2c_drive/cnt_scl_i8  (to \u_top_iic/inst_i2c_drive/drive_clk +)

   Delay:                  10.320ns  (0.0% logic, 100.0% route), 9 logic levels.

 Constraint Details:

     10.320ns data_path \u_top_iic/inst_i2c_drive/cnt_scl_i3 to \u_top_iic/inst_i2c_drive/cnt_scl_i8 violates
      5.000ns delay constraint less
      0.000ns L_S requirement (totaling 5.000ns) by 5.320ns

 Path Details: \u_top_iic/inst_i2c_drive/cnt_scl_i3 to \u_top_iic/inst_i2c_drive/cnt_scl_i8

   Name    Fanout   Delay (ns)          Pins               Resource(Cell.Net)
L_CO        ---     0.000             CK to Q              \u_top_iic/inst_i2c_drive/cnt_scl_i3 (from \u_top_iic/inst_i2c_drive/drive_clk)
Route        31   e 1.806                                  \u_top_iic/inst_i2c_drive/cnt_scl[3]
LUT4        ---     0.000              A to Z              \u_top_iic/inst_i2c_drive/i1_2_lut_rep_358
Route         8   e 1.435                                  \u_top_iic/inst_i2c_drive/n17935
LUT4        ---     0.000              C to Z              \u_top_iic/inst_i2c_drive/i1_4_lut_adj_127
Route        11   e 1.499                                  \u_top_iic/n19
LUT4        ---     0.000              A to Z              \u_top_iic/inst_i2c_drive/n19_bdd_2_lut_14117
Route         1   e 0.020                                  \u_top_iic/inst_i2c_drive/n17797
MUXL5       ---     0.000           ALUT to Z              \u_top_iic/inst_i2c_drive/i13824
Route         1   e 1.020                                  \u_top_iic/inst_i2c_drive/n17799
LUT4        ---     0.000              C to Z              \u_top_iic/inst_i2c_drive/i1_2_lut_3_lut
Route         1   e 1.020                                  \u_top_iic/inst_i2c_drive/n6_adj_1500
LUT4        ---     0.000              B to Z              \u_top_iic/inst_i2c_drive/i1_4_lut_adj_132
Route         1   e 1.020                                  \u_top_iic/inst_i2c_drive/n14669
LUT4        ---     0.000              B to Z              \u_top_iic/inst_i2c_drive/i1_4_lut_adj_130
Route        10   e 1.480                                  \u_top_iic/inst_i2c_drive/n16
LUT4        ---     0.000              B to Z              \u_top_iic/inst_i2c_drive/i1_2_lut_adj_134
Route         1   e 1.020                                  \u_top_iic/inst_i2c_drive/cnt_scl_9__N_793[8]
                  --------
                   10.320  (0.0% logic, 100.0% route), 9 logic levels.

Warning: 10.320 ns is the maximum delay for this constraint.



================================================================================
Constraint: create_clock -period 5.000000 -name clk2 [get_nets csi_clk_byte]
            573 items scored, 0 timing errors detected.
--------------------------------------------------------------------------------


Passed:  The following path meets requirements by 2.068ns

 Logical Details:  Cell type  Pin type       Cell name  (clock net +/-)

   Source:         FD1S3DX    CK             reset_byte_fr_sync_i1  (from \u_csi2dsi/dphy_rx_inst/lp_d1_rx_p_o +)
   Destination:    FD1P3DX    CD             csi_last_wc_i0_i15  (to \u_csi2dsi/dphy_rx_inst/lp_d1_rx_p_o +)

   Delay:                   2.932ns  (0.0% logic, 100.0% route), 2 logic levels.

 Constraint Details:

      2.932ns data_path reset_byte_fr_sync_i1 to csi_last_wc_i0_i15 meets
      5.000ns delay constraint less
      0.000ns L_S requirement (totaling 5.000ns) by 2.068ns

 Path Details: reset_byte_fr_sync_i1 to csi_last_wc_i0_i15

   Name    Fanout   Delay (ns)          Pins               Resource(Cell.Net)
L_CO        ---     0.000             CK to Q              reset_byte_fr_sync_i1 (from \u_csi2dsi/dphy_rx_inst/lp_d1_rx_p_o)
Route         4   e 1.397                                  reset_byte_fr_sync[1]
LUT4        ---     0.000              A to Z              reset_byte_fr_sync_1__I_0_1_lut
Route       152   e 1.535                                  reset_byte_fr_sync_1__N_129
                  --------
                    2.932  (0.0% logic, 100.0% route), 2 logic levels.


Passed:  The following path meets requirements by 2.068ns

 Logical Details:  Cell type  Pin type       Cell name  (clock net +/-)

   Source:         FD1S3DX    CK             reset_byte_fr_sync_i1  (from \u_csi2dsi/dphy_rx_inst/lp_d1_rx_p_o +)
   Destination:    FD1P3DX    CD             csi_last_wc_i0_i14  (to \u_csi2dsi/dphy_rx_inst/lp_d1_rx_p_o +)

   Delay:                   2.932ns  (0.0% logic, 100.0% route), 2 logic levels.

 Constraint Details:

      2.932ns data_path reset_byte_fr_sync_i1 to csi_last_wc_i0_i14 meets
      5.000ns delay constraint less
      0.000ns L_S requirement (totaling 5.000ns) by 2.068ns

 Path Details: reset_byte_fr_sync_i1 to csi_last_wc_i0_i14

   Name    Fanout   Delay (ns)          Pins               Resource(Cell.Net)
L_CO        ---     0.000             CK to Q              reset_byte_fr_sync_i1 (from \u_csi2dsi/dphy_rx_inst/lp_d1_rx_p_o)
Route         4   e 1.397                                  reset_byte_fr_sync[1]
LUT4        ---     0.000              A to Z              reset_byte_fr_sync_1__I_0_1_lut
Route       152   e 1.535                                  reset_byte_fr_sync_1__N_129
                  --------
                    2.932  (0.0% logic, 100.0% route), 2 logic levels.


Passed:  The following path meets requirements by 2.068ns

 Logical Details:  Cell type  Pin type       Cell name  (clock net +/-)

   Source:         FD1S3DX    CK             reset_byte_fr_sync_i1  (from \u_csi2dsi/dphy_rx_inst/lp_d1_rx_p_o +)
   Destination:    FD1P3DX    CD             csi_last_wc_i0_i13  (to \u_csi2dsi/dphy_rx_inst/lp_d1_rx_p_o +)

   Delay:                   2.932ns  (0.0% logic, 100.0% route), 2 logic levels.

 Constraint Details:

      2.932ns data_path reset_byte_fr_sync_i1 to csi_last_wc_i0_i13 meets
      5.000ns delay constraint less
      0.000ns L_S requirement (totaling 5.000ns) by 2.068ns

 Path Details: reset_byte_fr_sync_i1 to csi_last_wc_i0_i13

   Name    Fanout   Delay (ns)          Pins               Resource(Cell.Net)
L_CO        ---     0.000             CK to Q              reset_byte_fr_sync_i1 (from \u_csi2dsi/dphy_rx_inst/lp_d1_rx_p_o)
Route         4   e 1.397                                  reset_byte_fr_sync[1]
LUT4        ---     0.000              A to Z              reset_byte_fr_sync_1__I_0_1_lut
Route       152   e 1.535                                  reset_byte_fr_sync_1__N_129
                  --------
                    2.932  (0.0% logic, 100.0% route), 2 logic levels.

Report: 2.932 ns is the maximum delay for this constraint.



================================================================================
Constraint: create_clock -period 5.000000 -name clk1 [get_nets csi_clk_byte_hs]
            0 items scored, 0 timing errors detected.
--------------------------------------------------------------------------------


================================================================================
Constraint: create_clock -period 5.000000 -name clk0 [get_nets sys_clk_c]
            2733 items scored, 2733 timing errors detected.
--------------------------------------------------------------------------------


Error:  The following path violates requirements by 3.696ns

 Logical Details:  Cell type  Pin type       Cell name  (clock net +/-)

   Source:         FD1P3DX    CK             \u_top_iic/inst_ov9734_ctrl/wait_cnt_i21  (from sys_clk_c +)
   Destination:    FD1P3DX    D              \u_top_iic/inst_ov9734_ctrl/wait_cnt_i0  (to sys_clk_c +)

   Delay:                   8.696ns  (0.0% logic, 100.0% route), 7 logic levels.

 Constraint Details:

      8.696ns data_path \u_top_iic/inst_ov9734_ctrl/wait_cnt_i21 to \u_top_iic/inst_ov9734_ctrl/wait_cnt_i0 violates
      5.000ns delay constraint less
      0.000ns L_S requirement (totaling 5.000ns) by 3.696ns

 Path Details: \u_top_iic/inst_ov9734_ctrl/wait_cnt_i21 to \u_top_iic/inst_ov9734_ctrl/wait_cnt_i0

   Name    Fanout   Delay (ns)          Pins               Resource(Cell.Net)
L_CO        ---     0.000             CK to Q              \u_top_iic/inst_ov9734_ctrl/wait_cnt_i21 (from sys_clk_c)
Route         2   e 1.258                                  \u_top_iic/inst_ov9734_ctrl/wait_cnt[21]
LUT4        ---     0.000              A to Z              \u_top_iic/inst_ov9734_ctrl/i1_4_lut_adj_184
Route         2   e 1.158                                  \u_top_iic/inst_ov9734_ctrl/n10
LUT4        ---     0.000              B to Z              \u_top_iic/inst_ov9734_ctrl/i1_2_lut_adj_185
Route         2   e 1.158                                  \u_top_iic/inst_ov9734_ctrl/n15829
LUT4        ---     0.000              D to Z              \u_top_iic/inst_ov9734_ctrl/i1_4_lut_adj_168
Route         2   e 1.158                                  \u_top_iic/inst_ov9734_ctrl/n45_adj_1522
LUT4        ---     0.000              A to Z              \u_top_iic/inst_ov9734_ctrl/i1498_3_lut_rep_297
Route         4   e 1.297                                  \u_top_iic/inst_ov9734_ctrl/n17874
LUT4        ---     0.000              A to Z              \u_top_iic/inst_ov9734_ctrl/i3929_4_lut
Route        23   e 1.647                                  \u_top_iic/inst_ov9734_ctrl/n7290
LUT4        ---     0.000              B to Z              \u_top_iic/inst_ov9734_ctrl/i5975_2_lut
Route         1   e 1.020                                  \u_top_iic/inst_ov9734_ctrl/wait_cnt_22__N_520[0]
                  --------
                    8.696  (0.0% logic, 100.0% route), 7 logic levels.


Error:  The following path violates requirements by 3.696ns

 Logical Details:  Cell type  Pin type       Cell name  (clock net +/-)

   Source:         FD1P3DX    CK             \u_top_iic/inst_ov9734_ctrl/wait_cnt_i21  (from sys_clk_c +)
   Destination:    FD1P3DX    D              \u_top_iic/inst_ov9734_ctrl/wait_cnt_i22  (to sys_clk_c +)

   Delay:                   8.696ns  (0.0% logic, 100.0% route), 7 logic levels.

 Constraint Details:

      8.696ns data_path \u_top_iic/inst_ov9734_ctrl/wait_cnt_i21 to \u_top_iic/inst_ov9734_ctrl/wait_cnt_i22 violates
      5.000ns delay constraint less
      0.000ns L_S requirement (totaling 5.000ns) by 3.696ns

 Path Details: \u_top_iic/inst_ov9734_ctrl/wait_cnt_i21 to \u_top_iic/inst_ov9734_ctrl/wait_cnt_i22

   Name    Fanout   Delay (ns)          Pins               Resource(Cell.Net)
L_CO        ---     0.000             CK to Q              \u_top_iic/inst_ov9734_ctrl/wait_cnt_i21 (from sys_clk_c)
Route         2   e 1.258                                  \u_top_iic/inst_ov9734_ctrl/wait_cnt[21]
LUT4        ---     0.000              A to Z              \u_top_iic/inst_ov9734_ctrl/i1_4_lut_adj_184
Route         2   e 1.158                                  \u_top_iic/inst_ov9734_ctrl/n10
LUT4        ---     0.000              B to Z              \u_top_iic/inst_ov9734_ctrl/i1_2_lut_adj_185
Route         2   e 1.158                                  \u_top_iic/inst_ov9734_ctrl/n15829
LUT4        ---     0.000              D to Z              \u_top_iic/inst_ov9734_ctrl/i1_4_lut_adj_168
Route         2   e 1.158                                  \u_top_iic/inst_ov9734_ctrl/n45_adj_1522
LUT4        ---     0.000              A to Z              \u_top_iic/inst_ov9734_ctrl/i1498_3_lut_rep_297
Route         4   e 1.297                                  \u_top_iic/inst_ov9734_ctrl/n17874
LUT4        ---     0.000              A to Z              \u_top_iic/inst_ov9734_ctrl/i3929_4_lut
Route        23   e 1.647                                  \u_top_iic/inst_ov9734_ctrl/n7290
LUT4        ---     0.000              B to Z              \u_top_iic/inst_ov9734_ctrl/i6039_2_lut
Route         1   e 1.020                                  \u_top_iic/inst_ov9734_ctrl/wait_cnt_22__N_520[22]
                  --------
                    8.696  (0.0% logic, 100.0% route), 7 logic levels.


Error:  The following path violates requirements by 3.696ns

 Logical Details:  Cell type  Pin type       Cell name  (clock net +/-)

   Source:         FD1P3DX    CK             \u_top_iic/inst_ov9734_ctrl/wait_cnt_i21  (from sys_clk_c +)
   Destination:    FD1P3DX    D              \u_top_iic/inst_ov9734_ctrl/wait_cnt_i21  (to sys_clk_c +)

   Delay:                   8.696ns  (0.0% logic, 100.0% route), 7 logic levels.

 Constraint Details:

      8.696ns data_path \u_top_iic/inst_ov9734_ctrl/wait_cnt_i21 to \u_top_iic/inst_ov9734_ctrl/wait_cnt_i21 violates
      5.000ns delay constraint less
      0.000ns L_S requirement (totaling 5.000ns) by 3.696ns

 Path Details: \u_top_iic/inst_ov9734_ctrl/wait_cnt_i21 to \u_top_iic/inst_ov9734_ctrl/wait_cnt_i21

   Name    Fanout   Delay (ns)          Pins               Resource(Cell.Net)
L_CO        ---     0.000             CK to Q              \u_top_iic/inst_ov9734_ctrl/wait_cnt_i21 (from sys_clk_c)
Route         2   e 1.258                                  \u_top_iic/inst_ov9734_ctrl/wait_cnt[21]
LUT4        ---     0.000              A to Z              \u_top_iic/inst_ov9734_ctrl/i1_4_lut_adj_184
Route         2   e 1.158                                  \u_top_iic/inst_ov9734_ctrl/n10
LUT4        ---     0.000              B to Z              \u_top_iic/inst_ov9734_ctrl/i1_2_lut_adj_185
Route         2   e 1.158                                  \u_top_iic/inst_ov9734_ctrl/n15829
LUT4        ---     0.000              D to Z              \u_top_iic/inst_ov9734_ctrl/i1_4_lut_adj_168
Route         2   e 1.158                                  \u_top_iic/inst_ov9734_ctrl/n45_adj_1522
LUT4        ---     0.000              A to Z              \u_top_iic/inst_ov9734_ctrl/i1498_3_lut_rep_297
Route         4   e 1.297                                  \u_top_iic/inst_ov9734_ctrl/n17874
LUT4        ---     0.000              A to Z              \u_top_iic/inst_ov9734_ctrl/i3929_4_lut
Route        23   e 1.647                                  \u_top_iic/inst_ov9734_ctrl/n7290
LUT4        ---     0.000              B to Z              \u_top_iic/inst_ov9734_ctrl/i6040_2_lut
Route         1   e 1.020                                  \u_top_iic/inst_ov9734_ctrl/wait_cnt_22__N_520[21]
                  --------
                    8.696  (0.0% logic, 100.0% route), 7 logic levels.

Warning: 8.696 ns is the maximum delay for this constraint.


Timing Report Summary
--------------
--------------------------------------------------------------------------------
Constraint                              |   Constraint|       Actual|Levels
--------------------------------------------------------------------------------
                                        |             |             |
create_clock -period 5.000000 -name     |             |             |
clk3 [get_nets                          |             |             |
\u_top_iic/inst_i2c_drive/drive_clk]    |     5.000 ns|    10.320 ns|     9 *
                                        |             |             |
create_clock -period 5.000000 -name     |             |             |
clk2 [get_nets csi_clk_byte]            |     5.000 ns|     2.932 ns|     2  
                                        |             |             |
create_clock -period 5.000000 -name     |             |             |
clk1 [get_nets csi_clk_byte_hs]         |            -|            -|     0  
                                        |             |             |
create_clock -period 5.000000 -name     |             |             |
clk0 [get_nets sys_clk_c]               |     5.000 ns|     8.696 ns|     7 *
                                        |             |             |
--------------------------------------------------------------------------------


2 constraints not met.

--------------------------------------------------------------------------------
Critical Nets                           |   Loads|  Errors| % of total
--------------------------------------------------------------------------------
\u_top_iic/inst_ov9734_ctrl/n17874      |       4|    1530|     31.28%
                                        |        |        |
\u_top_iic/inst_ov9734_ctrl/n7290       |      23|    1288|     26.33%
                                        |        |        |
\u_top_iic/inst_ov9734_ctrl/n45_adj_1522|       2|    1048|     21.43%
                                        |        |        |
\u_top_iic/inst_ov9734_ctrl/n45_adj_1523|       2|     947|     19.36%
                                        |        |        |
\u_top_iic/inst_ov9734_ctrl/n15485      |       1|     536|     10.96%
                                        |        |        |
\u_top_iic/inst_ov9734_ctrl/n17873      |      13|     529|     10.82%
                                        |        |        |
\u_top_iic/inst_i2c_drive/n16           |      10|     500|     10.22%
                                        |        |        |
--------------------------------------------------------------------------------


Timing summary:
---------------

Timing errors: 4891  Score: 12790795

Constraints cover  20960 paths, 2299 nets, and 6003 connections (87.3% coverage)


Peak memory: 102641664 bytes, TRCE: 4358144 bytes, DLYMAN: 417792 bytes
CPU_TIME_REPORT: 0 secs 
