=============================================================================
Filelist generated by IPexpress/Clarity    08/11/2026    10:41:34        
Filename  : csi2dsi_filelist.log                                   
IP package: CSI-2/DSI D-PHY Receiver 1.6                              
Copyright(c) 2015 Lattice Semiconductor Corporation. All rights reserved.    
=============================================================================

-----------------------------------------------------------------------------
Basic IP Core Files
Output Directory: D:/project/crosslink/project/theips/csi2dsi 
-----------------------------------------------------------------------------
  csi2dsi.lpc                      : IP ispLEVER LPC File
  csi2dsi.v                        : IP Verilog Top Module
  csi2dsi_dphy_rx.v                : IP Verilog Submodule
  csi2dsi_capture_ctrl_bb.v        : IP Verilog Black-box for Synthesis
  csi2dsi_dphy_rx_wrap_bb.v        : IP Verilog Black-box for Synthesis
  csi2dsi_soft_dphy_rx_bb.v        : IP Verilog Black-box for Synthesis
  csi2dsi_rx_global_ctrl_bb.v      : IP Verilog Black-box for Synthesis
  csi2dsi_capture_ctrl.v           : IP Verilog Submodule for Simulation
  csi2dsi_soft_dphy_rx.v           : IP Verilog Submodule for Simulation
  csi2dsi_dphy_wrapper.v           : IP Verilog Submodule for Simulation
  csi2dsi_dphy_rx_wrap.v           : IP Verilog Submodule for Simulation
  csi2dsi_rx_global_ctrl.v         : IP Verilog Submodule for Simulation
  csi2dsi_params.v                 : IP Verilog Defines File
  csi2dsi_gen.log                  : IP Status Log
  csi2dsi_generate.log             : IP Generate Log
ngo files:
  csi2dsi_capture_ctrl.ngo
  csi2dsi_dphy_rx_wrap.ngo
  csi2dsi_rx_global_ctrl.ngo
  csi2dsi_soft_dphy_rx.ngo
  pmi_fifo_dcELar131032323288fe06152.ngo
  pmi_fifo_dcLLan13044411fbeaa5d.ngo

-----------------------------------------------------------------------------
Supplemental Implementation and Simulation Files:
 
Testbench files common to all CSI-2/DSI D-PHY Receiver configurations
    ../D:/project/crosslink/project/theips/csi2dsi/dphy_rx_eval/testbench 
 
Models common to all CSI-2/DSI D-PHY Receiver configurations
    ../D:/project/crosslink/project/theips/csi2dsi/dphy_rx_eval/models/lifmd 
 
Simulation files specific to csi2dsi configuration
    ../D:/project/crosslink/project/theips/csi2dsi/dphy_rx_eval/csi2dsi/sim/modelsim 
    ../D:/project/crosslink/project/theips/csi2dsi/dphy_rx_eval/csi2dsi/sim/aldec 
 
Implementation files specific to csi2dsi configuration
    ../D:/project/crosslink/project/theips/csi2dsi/dphy_rx_eval/csi2dsi/impl 

